// Jest Snapshot v1, https://goo.gl/fbAQLP

exports[`App should render correctly in "debug" mode 1`] = `
<div
  className="container"
>
  <div>
    <button
      onClick={[Function]}
    >
      Select Hello World
    </button>
    <div />
  </div>
  <div />
</div>
`;
